 2  5  1  8  3  6  4 16 10 11 13 12  7  9 14 15 
 3  7  4  9  2  1  5  8  6 16 15 14 13 10 11 12 
10 11 12 16 13  9 14 15  1  7  3  8  5  2  4  6 
 6 13 15 14  7 10 11 12  2  4  5  9  1  3 16  8 
 5  2  9  4  8 14 15  1  3 10  7 13  6 16 12 11 
 7  3 14 10  6  4 12 13 11  9 16  5  2  8 15  1 
11  1  8  6  9 16  3  7 12 15  2  4 10  5 13 14 
12 15 16 13  5  2 10 11  8  6 14  1  3  7  9  4 
 9  4  2  5 14 11  6  3 16 13  1  7 12 15  8 10 
14 10 13  7 15 12  8  9  4  2  6  3 11  1  5 16 
15 16 11  3  1 13  2  4  5  8 12 10 14  6  7  9 
 1  8  6 12 16  5  7 10 15 14  9 11  4 13  2  3 
13 12  7  1  4 15 16  2  9  3 11  6  8 14 10  5 
 4  9  5 15 10  3  1 14  7 12  8  2 16 11  6 13 
 8 14  3 11 12  7  9  6 13  5 10 16 15  4  1  2 
16  6 10  2 11  8 13  5 14  1  4 15  9 12  3  7 
