1 7 2 3 4 5 6 8 9 
5 9 3 6 2 8 1 4 7 
4 6 8 1 7 9 2 5 3 
2 3 1 7 5 6 8 9 4 
8 5 6 9 1 4 3 7 2 
7 4 9 8 3 2 5 6 1 
9 8 4 2 6 1 7 3 5 
6 1 7 5 9 3 4 2 8 
3 2 5 4 8 7 9 1 6 
